// Jest Snapshot v1, https://goo.gl/fbAQLP

exports[`OrganizationContainerView should render to match snapshot 1`] = `
<div>
  <h2>
    Organization:
  </h2>
  <div>
    <table
      className="ui compact table"
    >
      <thead>
        <tr>
          <th>
            Field
          </th>
          <th>
            Value
          </th>
        </tr>
      </thead>
      <tbody>
        <tr>
          <td>
            _id
          </td>
          <td>
            101
          </td>
        </tr>
        <tr>
          <td>
            url
          </td>
          <td>
            http://initech.zendesk.com/api/v2/organizations/101.json
          </td>
        </tr>
        <tr>
          <td>
            external_id
          </td>
          <td>
            9270ed79-35eb-4a38-a46f-35725197ea8d
          </td>
        </tr>
        <tr>
          <td>
            name
          </td>
          <td>
            Enthaze
          </td>
        </tr>
        <tr>
          <td>
            domain_names
          </td>
          <td>
            kage.com,ecratic.com,endipin.com,zentix.com
          </td>
        </tr>
        <tr>
          <td>
            created_at
          </td>
          <td>
            2016-05-21T11:10:28 -10:00
          </td>
        </tr>
        <tr>
          <td>
            details
          </td>
          <td>
            MegaCorp
          </td>
        </tr>
        <tr>
          <td>
            shared_tickets
          </td>
          <td>
            false
          </td>
        </tr>
        <tr>
          <td>
            tags
          </td>
          <td>
            Fulton,West,Rodriguez,Farley
          </td>
        </tr>
      </tbody>
    </table>
  </div>
  <h2>
    Users:
  </h2>
  <h2>
    Tickets:
  </h2>
</div>
`;
