// Jest Snapshot v1, https://goo.gl/fbAQLP

exports[`SearchPage should render to match snapshot 1`] = `
<div
  className="search-page-wrapper"
>
  <div
    className="zendesk-search-header"
  >
    <h1
      className="ui center aligned header"
    >
      Zendesk Search
    </h1>
    <h2
      className="ui header"
    >
      <i
        className="search icon"
      />
      <div
        className="content"
      >
        Searchable Fields
      </div>
    </h2>
    <table
      className="ui celled striped table"
    >
      <thead>
        <tr>
          <th
            colSpan={2}
          >
            Searchable Fields
          </th>
        </tr>
      </thead>
      <tbody>
        <tr>
          <td>
            User Fields
          </td>
          <td>
            _id,url,external_id,name,alias,created_at,active,verified,shared,locale,timezone,last_login_at,email,phone,signature,organization_id,tags,suspended,role
          </td>
        </tr>
        <tr>
          <td>
            Organization Fields
          </td>
          <td>
            _id,url,external_id,name,domain_names,created_at,details,shared_tickets,tags
          </td>
        </tr>
        <tr>
          <td>
            Ticket Fields
          </td>
          <td>
            _id,url,external_id,created_at,type,subject,description,priority,status,submitter_id,assignee_id,organization_id,tags,has_incidents,due_at,via
          </td>
        </tr>
      </tbody>
    </table>
  </div>
  <div
    className="search-filter-wrapper"
  >
    <div
      className="drop-down-wrapper"
    >
      <div
        className="Dropdown-root"
      >
        <div
          aria-haspopup="listbox"
          className="Dropdown-control"
          onMouseDown={[Function]}
          onTouchEnd={[Function]}
        >
          <div
            className="Dropdown-placeholder is-selected"
          >
            Organizations
          </div>
          <div
            className="Dropdown-arrow-wrapper"
          >
            <span
              className="Dropdown-arrow"
            />
          </div>
        </div>
      </div>
    </div>
    <div
      className="searchable-fields-input-box-wrapper"
    >
      <div
        className="ui fluid icon input"
      >
        <input
          onChange={[Function]}
          placeholder="Search fields (e.g. name,tags): "
          size={30}
          type="text"
        />
        <i
          className="search icon"
        />
      </div>
    </div>
    <div
      className="search-value-input-box-wrapper"
    >
      <div
        className="ui fluid icon input"
      >
        <input
          onChange={[Function]}
          placeholder="Search value"
          size={30}
          type="text"
        />
        <i
          className="search icon"
        />
      </div>
    </div>
  </div>
  <button
    className="ui blue button search-button"
    onClick={[Function]}
    type="button"
  >
    Search
  </button>
  <div />
</div>
`;
