// Jest Snapshot v1, https://goo.gl/fbAQLP

exports[`SearchPage should render to match snapshot 1`] = `
<div>
  <div
    className="zendesk-search-header"
  >
    Zendesk Search
  </div>
  <button
    className="search-button"
    onClick={[Function]}
    type="button"
  >
    Search
  </button>
</div>
`;
